'The following shouldly methods are missing one or more of the custom message overloads' for 'Types in Shouldly extension classes'
----------------------------------------------------------------------------------------------------------------------------------

	ShouldStartWith(this System.String actual, System.String expected)
	ShouldEndWith(this System.String actual, System.String expected)
	ShouldNotStartWith(this System.String actual, System.String expected)
	ShouldNotEndWith(this System.String actual, System.String expected)
